>>> say_my_name = __import__('3-say_my_name').say_my_name


>>> say_my_name("String", "Test")
My name is String Test


>>> say_my_name("John", None)
Traceback (most recent call last):
	  	  ...
TypeError: last_name must be a string


>>> say_my_name(None, "Smith")
Traceback (most recent call last):
                  ...
TypeError: first_name must be a string


>>> say_my_name()
Traceback (most recent call last):
	  	  ...
TypeError: say_my_name() missing 1 required positional argument: 'first_name'


>>> say_my_name(5, 6)
Traceback (most recent call last):
	  	  ...
TypeError: first_name must be a string


>>> say_my_name(8, "hey")
Traceback (most recent call last):
	  	  ...
TypeError: first_name must be a string


>>> say_my_name("chris", 8 )
Traceback (most recent call last):
	  	  ...
TypeError: last_name must be a string


>>> say_my_name("Hello")
My name is Hello 
